<html>
<body>
<pre>
<h1>µVision Build Log</h1>
<h2>Tool Versions:</h2>
IDE-Version: µVision V5.21.0.0
Copyright (C) 2016 ARM Ltd and ARM Germany GmbH. All rights reserved.
License Information: IT Support HWU-EPS Flex license: MDK-ARM Professional (mdk_pro) Operation stops: 24 Aug 2024
 
Tool Versions:
Toolchain:       MDK-ARM Professional  Version: 5.21
Toolchain Path:  Q:\uVision5.eps\ARM\ARMCC\Bin
C Compiler:      Armcc.exe V5.06 update 3 (build 300)
Assembler:       Armasm.exe V5.06 update 3 (build 300)
Linker/Locator:  ArmLink.exe V5.06 update 3 (build 300)
Library Manager: ArmAr.exe V5.06 update 3 (build 300)
Hex Converter:   FromElf.exe V5.06 update 3 (build 300)
CPU DLL:         SARMCM3.DLL V5.21
Dialog DLL:      DCM.DLL V1.13.8.0
Target DLL:      CMSIS_AGDI.dll V1.26.5.0
Dialog DLL:      TCM.DLL V1.14.14.0
 
<h2>Project:</h2>
H:\fm4_folder_b39sb\fm4_folder\fm4_project.uvprojx
Project File Date:  01/30/2020

<h2>Output:</h2>
*** Using Compiler 'V5.06 update 3 (build 300)', folder: 'Q:\uVision5.eps\ARM\ARMCC\Bin'
Build target 'S6E2CC'
compiling fm4_echo_intr.c...
linking...
Program Size: Code=2732 RO-data=608 RW-data=36 ZI-data=42908  
".\obj\fm4_project.axf" - 0 Error(s), 0 Warning(s).

<h2>Software Packages used:</h2>

Package Vendor: Keil
                http://www.keil.com/pack/Keil.FM4_DFP.1.5.0.pack
                Keil::Device:Startup:1.0.0
                Spansion FM4 Series Device Support
   * Component: Startup Version: 1.0.0

Package Vendor: ARM
                http://www.keil.com/pack/ARM.CMSIS.5.0.0-Beta4.pack
                ARM::CMSIS:CORE:5.0.0
                CMSIS (Cortex Microcontroller Software Interface Standard)
   * Component: CORE Version: 5.0.0
   * Component: DSP Version: 1.4.6

<h2>Collection of Component include folders:</h2>
  H:\fm4_folder_b39sb\fm4_folder\RTE
  H:\fm4_folder_b39sb\fm4_folder\RTE\Device\S6E2CCAJ0A
  Q:\uVision5.eps\ARM\PACK\ARM\CMSIS\5.0.0-Beta4\CMSIS\Include
  Q:\uVision5.eps\ARM\PACK\Keil\FM4_DFP\1.5.0\Device\S6E2CC\Include

<h2>Collection of Component Files used:</h2>

   * Component: Keil::Device:Startup:1.0.0
      Include file:  Device\S6E2CC\Source\system_s6e2cc.h
      Source file:   Device\S6E2CC\Source\ARM\startup_s6e2cc.s
      Source file:   Device\S6E2CC\Source\system_s6e2cc.c

   * Component: ARM::CMSIS:CORE:5.0.0

   * Component: ARM::CMSIS:DSP:1.4.6
      Include file:  CMSIS\Include\arm_math.h
      Library file:  CMSIS\Lib\ARM\arm_cortexM4lf_math.lib
Build Time Elapsed:  00:00:08
</pre>
</body>
</html>
